// Jest Snapshot v1, https://goo.gl/fbAQLP

exports[`forgot page Should render with no errors 1`] = `undefined`;
