// Jest Snapshot v1, https://goo.gl/fbAQLP

exports[`Login page Should render with no errors 1`] = `undefined`;
