// Jest Snapshot v1, https://goo.gl/fbAQLP

exports[`<ViewProfile/> Should render with no errors 1`] = `undefined`;
